Le fichier n'existe pas ou vous n'avez pas les droits en lecture dessus.
