Le fichier existe deja
Entrez 1 pour ecrire un nouveau nom ou Entrez 2 pour effacer l'ancien fichier
Entrez le nouveau nom
Dot-file nouveauout.dot generated
/temps/FondInsa.jpg (24 hits)
/temps/InsaIF.ico (22 hits)
/temps/3IF43.html (14 hits)
/temps/3IF42.html (13 hits)
/temps/suivant.gif (11 hits)
/temps/style_emploi_du_temps.css (11 hits)
/temps/precedent.gif (10 hits)
/temps/3IF38.html (10 hits)
/temps/3IF39.html (8 hits)
/temps/3IF37.html (8 hits)
