/temps/3IF43.html (14 hits)
/temps/3IF39.html (8 hits)
/temps/3IF38.html (4 hits)
/temps/3IF37.html (3 hits)
/temps/3IF12.html (2 hits)
/temps/3IF11.html (2 hits)
/temps/3IF10.html (2 hits)
/temps/choix_3if.html (1 hits)
/temps/4IF20.html (1 hits)
/temps/4IF19.html (1 hits)
