Dot-file out.dot generated
Warning : only hits between 11h and 12h have been taken into account
/temps/3IF43.html (13 hits)
/temps/3IF42.html (13 hits)
/temps/3IF38.html (3 hits)
/temps/3IF37.html (2 hits)
/temps/3IF39.html  (1 hits)
