/temps/FondInsa.jpg (24 hits)
/temps/InsaIF.ico (22 hits)
/temps/3IF43.html (14 hits)
/temps/suivant.gif (11 hits)
/temps/style_emploi_du_temps.css (11 hits)
/temps/precedent.gif (10 hits)
/temps/3IF39.html (8 hits)
/temps/3IF38.html (4 hits)
/temps/3IF37.html (3 hits)
/temps/choix.gif (2 hits)
