Le nom du fichier GraphViz doit finir par ".dot".
