Warning : only hits between 15h and 16h have been taken into account
/temps/style_emploi_du_temps.css (208 hits)
/temps/FondInsa.jpg (196 hits)
/temps/choix.gif (187 hits)
/temps/suivant.gif (185 hits)
/temps/precedent.gif (185 hits)
/SiteWebIF/Intranet-etudiant.php (184 hits)
/temps/InsaIF.ico (164 hits)
/temps/ (146 hits)
/temps/4IF39.html (106 hits)
/favicon.ico (83 hits)
