Warning : only hits between 11h and 12h have been taken into account
/temps/3IF43.html (13 hits)
/temps/3IF38.html (3 hits)
/temps/3IF37.html (2 hits)
/temps/3IF12.html (2 hits)
/temps/3IF11.html (2 hits)
/temps/3IF10.html (2 hits)
/temps/4IF20.html (1 hits)
/temps/4IF19.html (1 hits)
/temps/4IF18.html (1 hits)
/temps/4IF17.html (1 hits)
